Archive member included to satisfy reference by file (symbol)

C:/ST/STM32CubeIDE_2.2.0/STM32CubeIDE/plugins/com.st.stm32cube.ide.mcu.externaltools.gnu-tools-for-stm32.14.3.rel1.win32_1.0.100.202602081740/tools/bin/../lib/gcc/arm-none-eabi/14.3.1/../../../../arm-none-eabi/lib/thumb/v6-m/nofp\libc_nano.a(libc_a-exit.o)
                              C:/ST/STM32CubeIDE_2.2.0/STM32CubeIDE/plugins/com.st.stm32cube.ide.mcu.externaltools.gnu-tools-for-stm32.14.3.rel1.win32_1.0.100.202602081740/tools/bin/../lib/gcc/arm-none-eabi/14.3.1/../../../../arm-none-eabi/lib/thumb/v6-m/nofp/crt0.o (exit)
C:/ST/STM32CubeIDE_2.2.0/STM32CubeIDE/plugins/com.st.stm32cube.ide.mcu.externaltools.gnu-tools-for-stm32.14.3.rel1.win32_1.0.100.202602081740/tools/bin/../lib/gcc/arm-none-eabi/14.3.1/../../../../arm-none-eabi/lib/thumb/v6-m/nofp\libc_nano.a(libc_a-findfp.o)
                              C:/ST/STM32CubeIDE_2.2.0/STM32CubeIDE/plugins/com.st.stm32cube.ide.mcu.externaltools.gnu-tools-for-stm32.14.3.rel1.win32_1.0.100.202602081740/tools/bin/../lib/gcc/arm-none-eabi/14.3.1/../../../../arm-none-eabi/lib/thumb/v6-m/nofp\libc_nano.a(libc_a-exit.o) (__stdio_exit_handler)
C:/ST/STM32CubeIDE_2.2.0/STM32CubeIDE/plugins/com.st.stm32cube.ide.mcu.externaltools.gnu-tools-for-stm32.14.3.rel1.win32_1.0.100.202602081740/tools/bin/../lib/gcc/arm-none-eabi/14.3.1/../../../../arm-none-eabi/lib/thumb/v6-m/nofp\libc_nano.a(libc_a-fwalk.o)
                              C:/ST/STM32CubeIDE_2.2.0/STM32CubeIDE/plugins/com.st.stm32cube.ide.mcu.externaltools.gnu-tools-for-stm32.14.3.rel1.win32_1.0.100.202602081740/tools/bin/../lib/gcc/arm-none-eabi/14.3.1/../../../../arm-none-eabi/lib/thumb/v6-m/nofp\libc_nano.a(libc_a-findfp.o) (_fwalk_sglue)
C:/ST/STM32CubeIDE_2.2.0/STM32CubeIDE/plugins/com.st.stm32cube.ide.mcu.externaltools.gnu-tools-for-stm32.14.3.rel1.win32_1.0.100.202602081740/tools/bin/../lib/gcc/arm-none-eabi/14.3.1/../../../../arm-none-eabi/lib/thumb/v6-m/nofp\libc_nano.a(libc_a-stdio.o)
                              C:/ST/STM32CubeIDE_2.2.0/STM32CubeIDE/plugins/com.st.stm32cube.ide.mcu.externaltools.gnu-tools-for-stm32.14.3.rel1.win32_1.0.100.202602081740/tools/bin/../lib/gcc/arm-none-eabi/14.3.1/../../../../arm-none-eabi/lib/thumb/v6-m/nofp\libc_nano.a(libc_a-findfp.o) (__sread)
C:/ST/STM32CubeIDE_2.2.0/STM32CubeIDE/plugins/com.st.stm32cube.ide.mcu.externaltools.gnu-tools-for-stm32.14.3.rel1.win32_1.0.100.202602081740/tools/bin/../lib/gcc/arm-none-eabi/14.3.1/../../../../arm-none-eabi/lib/thumb/v6-m/nofp\libc_nano.a(libc_a-memset.o)
                              C:/ST/STM32CubeIDE_2.2.0/STM32CubeIDE/plugins/com.st.stm32cube.ide.mcu.externaltools.gnu-tools-for-stm32.14.3.rel1.win32_1.0.100.202602081740/tools/bin/../lib/gcc/arm-none-eabi/14.3.1/../../../../arm-none-eabi/lib/thumb/v6-m/nofp/crt0.o (memset)
C:/ST/STM32CubeIDE_2.2.0/STM32CubeIDE/plugins/com.st.stm32cube.ide.mcu.externaltools.gnu-tools-for-stm32.14.3.rel1.win32_1.0.100.202602081740/tools/bin/../lib/gcc/arm-none-eabi/14.3.1/../../../../arm-none-eabi/lib/thumb/v6-m/nofp\libc_nano.a(libc_a-strncpy.o)
                              ./Core/Src/driver_htu21d.o (strncpy)
C:/ST/STM32CubeIDE_2.2.0/STM32CubeIDE/plugins/com.st.stm32cube.ide.mcu.externaltools.gnu-tools-for-stm32.14.3.rel1.win32_1.0.100.202602081740/tools/bin/../lib/gcc/arm-none-eabi/14.3.1/../../../../arm-none-eabi/lib/thumb/v6-m/nofp\libc_nano.a(libc_a-closer.o)
                              C:/ST/STM32CubeIDE_2.2.0/STM32CubeIDE/plugins/com.st.stm32cube.ide.mcu.externaltools.gnu-tools-for-stm32.14.3.rel1.win32_1.0.100.202602081740/tools/bin/../lib/gcc/arm-none-eabi/14.3.1/../../../../arm-none-eabi/lib/thumb/v6-m/nofp\libc_nano.a(libc_a-stdio.o) (_close_r)
C:/ST/STM32CubeIDE_2.2.0/STM32CubeIDE/plugins/com.st.stm32cube.ide.mcu.externaltools.gnu-tools-for-stm32.14.3.rel1.win32_1.0.100.202602081740/tools/bin/../lib/gcc/arm-none-eabi/14.3.1/../../../../arm-none-eabi/lib/thumb/v6-m/nofp\libc_nano.a(libc_a-reent.o)
                              C:/ST/STM32CubeIDE_2.2.0/STM32CubeIDE/plugins/com.st.stm32cube.ide.mcu.externaltools.gnu-tools-for-stm32.14.3.rel1.win32_1.0.100.202602081740/tools/bin/../lib/gcc/arm-none-eabi/14.3.1/../../../../arm-none-eabi/lib/thumb/v6-m/nofp\libc_nano.a(libc_a-closer.o) (errno)
C:/ST/STM32CubeIDE_2.2.0/STM32CubeIDE/plugins/com.st.stm32cube.ide.mcu.externaltools.gnu-tools-for-stm32.14.3.rel1.win32_1.0.100.202602081740/tools/bin/../lib/gcc/arm-none-eabi/14.3.1/../../../../arm-none-eabi/lib/thumb/v6-m/nofp\libc_nano.a(libc_a-impure.o)
                              C:/ST/STM32CubeIDE_2.2.0/STM32CubeIDE/plugins/com.st.stm32cube.ide.mcu.externaltools.gnu-tools-for-stm32.14.3.rel1.win32_1.0.100.202602081740/tools/bin/../lib/gcc/arm-none-eabi/14.3.1/../../../../arm-none-eabi/lib/thumb/v6-m/nofp\libc_nano.a(libc_a-reent.o) (_impure_ptr)
[...]
Memory Configuration

Name             Origin             Length             Attributes
RAM              0x20000000         0x0000a000         xrw
FLASH            0x08000000         0x00040000         xr
*default*        0x00000000         0xffffffff

Linker script and memory map

LOAD C:/ST/STM32CubeIDE_2.2.0/STM32CubeIDE/plugins/com.st.stm32cube.ide.mcu.externaltools.gnu-tools-for-stm32.14.3.rel1.win32_1.0.100.202602081740/tools/bin/../lib/gcc/arm-none-eabi/14.3.1/thumb/v6-m/nofp/crti.o
LOAD C:/ST/STM32CubeIDE_2.2.0/STM32CubeIDE/plugins/com.st.stm32cube.ide.mcu.externaltools.gnu-tools-for-stm32.14.3.rel1.win32_1.0.100.202602081740/tools/bin/../lib/gcc/arm-none-eabi/14.3.1/thumb/v6-m/nofp/crtbegin.o
LOAD C:/ST/STM32CubeIDE_2.2.0/STM32CubeIDE/plugins/com.st.stm32cube.ide.mcu.externaltools.gnu-tools-for-stm32.14.3.rel1.win32_1.0.100.202602081740/tools/bin/../lib/gcc/arm-none-eabi/14.3.1/../../../../arm-none-eabi/lib/thumb/v6-m/nofp/crt0.o
LOAD ./Core/Src/driver_htu21d.o
LOAD ./Core/Src/driver_htu21d_interface_template.o
LOAD ./Core/Src/main.o
LOAD ./Core/Src/stm32u0xx_hal_msp.o
LOAD ./Core/Src/stm32u0xx_it.o
LOAD ./Core/Src/syscalls.o
LOAD ./Core/Src/sysmem.o
LOAD ./Core/Src/system_stm32u0xx.o
LOAD ./Core/Startup/startup_stm32u083rctx.o
LOAD ./Drivers/BSP/STM32U0xx_Nucleo/stm32u0xx_nucleo.o
LOAD ./Drivers/STM32U0xx_HAL_Driver/Src/stm32u0xx_hal.o
LOAD ./Drivers/STM32U0xx_HAL_Driver/Src/stm32u0xx_hal_cortex.o
LOAD ./Drivers/STM32U0xx_HAL_Driver/Src/stm32u0xx_hal_dma.o
LOAD ./Drivers/STM32U0xx_HAL_Driver/Src/stm32u0xx_hal_dma_ex.o
LOAD ./Drivers/STM32U0xx_HAL_Driver/Src/stm32u0xx_hal_exti.o
LOAD ./Drivers/STM32U0xx_HAL_Driver/Src/stm32u0xx_hal_flash.o
LOAD ./Drivers/STM32U0xx_HAL_Driver/Src/stm32u0xx_hal_flash_ex.o
LOAD ./Drivers/STM32U0xx_HAL_Driver/Src/stm32u0xx_hal_gpio.o
LOAD ./Drivers/STM32U0xx_HAL_Driver/Src/stm32u0xx_hal_i2c.o
LOAD ./Drivers/STM32U0xx_HAL_Driver/Src/stm32u0xx_hal_i2c_ex.o
LOAD ./Drivers/STM32U0xx_HAL_Driver/Src/stm32u0xx_hal_pwr.o
LOAD ./Drivers/STM32U0xx_HAL_Driver/Src/stm32u0xx_hal_pwr_ex.o
LOAD ./Drivers/STM32U0xx_HAL_Driver/Src/stm32u0xx_hal_rcc.o
LOAD ./Drivers/STM32U0xx_HAL_Driver/Src/stm32u0xx_hal_rcc_ex.o
LOAD ./Drivers/STM32U0xx_HAL_Driver/Src/stm32u0xx_hal_uart.o
LOAD ./Drivers/STM32U0xx_HAL_Driver/Src/stm32u0xx_hal_uart_ex.o
LOAD ./Drivers/STM32U0xx_HAL_Driver/Src/stm32u0xx_hal_usart.o
LOAD ./Drivers/STM32U0xx_HAL_Driver/Src/stm32u0xx_hal_usart_ex.o
LOAD ./Drivers/STM32U0xx_HAL_Driver/Src/stm32u0xx_ll_i2c.o
START GROUP
LOAD C:/ST/STM32CubeIDE_2.2.0/STM32CubeIDE/plugins/com.st.stm32cube.ide.mcu.externaltools.gnu-tools-for-stm32.14.3.rel1.win32_1.0.100.202602081740/tools/bin/../lib/gcc/arm-none-eabi/14.3.1/../../../../arm-none-eabi/lib/thumb/v6-m/nofp\libc_nano.a
LOAD C:/ST/STM32CubeIDE_2.2.0/STM32CubeIDE/plugins/com.st.stm32cube.ide.mcu.externaltools.gnu-tools-for-stm32.14.3.rel1.win32_1.0.100.202602081740/tools/bin/../lib/gcc/arm-none-eabi/14.3.1/../../../../arm-none-eabi/lib/thumb/v6-m/nofp\libm.a
END GROUP
START GROUP
LOAD C:/ST/STM32CubeIDE_2.2.0/STM32CubeIDE/plugins/com.st.stm32cube.ide.mcu.externaltools.gnu-tools-for-stm32.14.3.rel1.win32_1.0.100.202602081740/tools/bin/../lib/gcc/arm-none-eabi/14.3.1/thumb/v6-m/nofp\libgcc.a
LOAD C:/ST/STM32CubeIDE_2.2.0/STM32CubeIDE/plugins/com.st.stm32cube.ide.mcu.externaltools.gnu-tools-for-stm32.14.3.rel1.win32_1.0.100.202602081740/tools/bin/../lib/gcc/arm-none-eabi/14.3.1/../../../../arm-none-eabi/lib/thumb/v6-m/nofp\libc_nano.a
END GROUP
START GROUP
LOAD C:/ST/STM32CubeIDE_2.2.0/STM32CubeIDE/plugins/com.st.stm32cube.ide.mcu.externaltools.gnu-tools-for-stm32.14.3.rel1.win32_1.0.100.202602081740/tools/bin/../lib/gcc/arm-none-eabi/14.3.1/thumb/v6-m/nofp\libgcc.a
LOAD C:/ST/STM32CubeIDE_2.2.0/STM32CubeIDE/plugins/com.st.stm32cube.ide.mcu.externaltools.gnu-tools-for-stm32.14.3.rel1.win32_1.0.100.202602081740/tools/bin/../lib/gcc/arm-none-eabi/14.3.1/../../../../arm-none-eabi/lib/thumb/v6-m/nofp\libc_nano.a
LOAD C:/ST/STM32CubeIDE_2.2.0/STM32CubeIDE/plugins/com.st.stm32cube.ide.mcu.externaltools.gnu-tools-for-stm32.14.3.rel1.win32_1.0.100.202602081740/tools/bin/../lib/gcc/arm-none-eabi/14.3.1/../../../../arm-none-eabi/lib/thumb/v6-m/nofp\libnosys.a
END GROUP
START GROUP
LOAD C:/ST/STM32CubeIDE_2.2.0/STM32CubeIDE/plugins/com.st.stm32cube.ide.mcu.externaltools.gnu-tools-for-stm32.14.3.rel1.win32_1.0.100.202602081740/tools/bin/../lib/gcc/arm-none-eabi/14.3.1/thumb/v6-m/nofp\libgcc.a
LOAD C:/ST/STM32CubeIDE_2.2.0/STM32CubeIDE/plugins/com.st.stm32cube.ide.mcu.externaltools.gnu-tools-for-stm32.14.3.rel1.win32_1.0.100.202602081740/tools/bin/../lib/gcc/arm-none-eabi/14.3.1/../../../../arm-none-eabi/lib/thumb/v6-m/nofp\libc_nano.a
LOAD C:/ST/STM32CubeIDE_2.2.0/STM32CubeIDE/plugins/com.st.stm32cube.ide.mcu.externaltools.gnu-tools-for-stm32.14.3.rel1.win32_1.0.100.202602081740/tools/bin/../lib/gcc/arm-none-eabi/14.3.1/../../../../arm-none-eabi/lib/thumb/v6-m/nofp\libnosys.a
END GROUP
LOAD C:/ST/STM32CubeIDE_2.2.0/STM32CubeIDE/plugins/com.st.stm32cube.ide.mcu.externaltools.gnu-tools-for-stm32.14.3.rel1.win32_1.0.100.202602081740/tools/bin/../lib/gcc/arm-none-eabi/14.3.1/thumb/v6-m/nofp/crtend.o
LOAD C:/ST/STM32CubeIDE_2.2.0/STM32CubeIDE/plugins/com.st.stm32cube.ide.mcu.externaltools.gnu-tools-for-stm32.14.3.rel1.win32_1.0.100.202602081740/tools/bin/../lib/gcc/arm-none-eabi/14.3.1/thumb/v6-m/nofp/crtn.o
                0x2000a000                        _estack = (ORIGIN (RAM) + LENGTH (RAM))
                0x00000200                        _Min_Heap_Size = 0x200
                0x00000400                        _Min_Stack_Size = 0x400

.isr_vector     0x08000000       0xc0
                0x08000000                        . = ALIGN (0x4)
 *(.isr_vector)
 .isr_vector    0x08000000       0xc0 ./Core/Startup/startup_stm32u083rctx.o
                0x08000000                g_pfnVectors
                0x080000c0                        . = ALIGN (0x4)

.text           0x080000c0     0x5f64
                0x080000c0                        . = ALIGN (0x4)
 *(.text)
 .text          0x080000c0       0x48 C:/ST/STM32CubeIDE_2.2.0/STM32CubeIDE/plugins/com.st.stm32cube.ide.mcu.externaltools.gnu-tools-for-stm32.14.3.rel1.win32_1.0.100.202602081740/tools/bin/../lib/gcc/arm-none-eabi/14.3.1/thumb/v6-m/nofp/crtbegin.o
 .text          0x08000108      0x114 C:/ST/STM32CubeIDE_2.2.0/STM32CubeIDE/plugins/com.st.stm32cube.ide.mcu.externaltools.gnu-tools-for-stm32.14.3.rel1.win32_1.0.100.202602081740/tools/bin/../lib/gcc/arm-none-eabi/14.3.1/thumb/v6-m/nofp\libgcc.a(_udivsi3.o)
                0x08000108                __aeabi_uidiv
                0x08000108                __udivsi3
                0x08000214                __aeabi_uidivmod
 .text          0x0800021c        0x4 C:/ST/STM32CubeIDE_2.2.0/STM32CubeIDE/plugins/com.st.stm32cube.ide.mcu.externaltools.gnu-tools-for-stm32.14.3.rel1.win32_1.0.100.202602081740/tools/bin/../lib/gcc/arm-none-eabi/14.3.1/thumb/v6-m/nofp\libgcc.a(_dvmd_tls.o)
                0x0800021c                __aeabi_idiv0
                0x0800021c                __aeabi_ldiv0
 .text          0x08000220       0x40 C:/ST/STM32CubeIDE_2.2.0/STM32CubeIDE/plugins/com.st.stm32cube.ide.mcu.externaltools.gnu-tools-for-stm32.14.3.rel1.win32_1.0.100.202602081740/tools/bin/../lib/gcc/arm-none-eabi/14.3.1/thumb/v6-m/nofp\libgcc.a(_aeabi_uldivmod.o)
                0x08000220                __aeabi_uldivmod
 .text          0x08000260      0x198 C:/ST/STM32CubeIDE_2.2.0/STM32CubeIDE/plugins/com.st.stm32cube.ide.mcu.externaltools.gnu-tools-for-stm32.14.3.rel1.win32_1.0.100.202602081740/tools/bin/../lib/gcc/arm-none-eabi/14.3.1/thumb/v6-m/nofp\libgcc.a(_udivmoddi4.o)
                0x08000260                __udivmoddi4
 .text          0x080003f8      0x22c C:/ST/STM32CubeIDE_2.2.0/STM32CubeIDE/plugins/com.st.stm32cube.ide.mcu.externaltools.gnu-tools-for-stm32.14.3.rel1.win32_1.0.100.202602081740/tools/bin/../lib/gcc/arm-none-eabi/14.3.1/thumb/v6-m/nofp\libgcc.a(divsf3.o)
                0x080003f8                __aeabi_fdiv
 .text          0x08000624      0x2a4 C:/ST/STM32CubeIDE_2.2.0/STM32CubeIDE/plugins/com.st.stm32cube.ide.mcu.externaltools.gnu-tools-for-stm32.14.3.rel1.win32_1.0.100.202602081740/tools/bin/../lib/gcc/arm-none-eabi/14.3.1/thumb/v6-m/nofp\libgcc.a(mulsf3.o)
                0x08000624                __aeabi_fmul
 .text          0x080008c8      0x484 C:/ST/STM32CubeIDE_2.2.0/STM32CubeIDE/plugins/com.st.stm32cube.ide.mcu.externaltools.gnu-tools-for-stm32.14.3.rel1.win32_1.0.100.202602081740/tools/bin/../lib/gcc/arm-none-eabi/14.3.1/thumb/v6-m/nofp\libgcc.a(subsf3.o)
                0x080008c8                __aeabi_fsub
 .text          0x08000d4c       0x8c C:/ST/STM32CubeIDE_2.2.0/STM32CubeIDE/plugins/com.st.stm32cube.ide.mcu.externaltools.gnu-tools-for-stm32.14.3.rel1.win32_1.0.100.202602081740/tools/bin/../lib/gcc/arm-none-eabi/14.3.1/thumb/v6-m/nofp\libgcc.a(floatunsisf.o)
                0x08000d4c                __aeabi_ui2f
 .text          0x08000dd8       0x3c C:/ST/STM32CubeIDE_2.2.0/STM32CubeIDE/plugins/com.st.stm32cube.ide.mcu.externaltools.gnu-tools-for-stm32.14.3.rel1.win32_1.0.100.202602081740/tools/bin/../lib/gcc/arm-none-eabi/14.3.1/thumb/v6-m/nofp\libgcc.a(_clzsi2.o)
                0x08000dd8                __clzsi2
 .text          0x08000e14       0x18 C:/ST/STM32CubeIDE_2.2.0/STM32CubeIDE/plugins/com.st.stm32cube.ide.mcu.externaltools.gnu-tools-for-stm32.14.3.rel1.win32_1.0.100.202602081740/tools/bin/../lib/gcc/arm-none-eabi/14.3.1/thumb/v6-m/nofp\libgcc.a(_clzdi2.o)
                0x08000e14                __clzdi2
 *(.text*)
 .text.a_htu21d_write_cmd
                0x08000e2c       0x2e ./Core/Src/driver_htu21d.o
 .text.a_htu21d_read_cmd
                0x08000e5a       0x2e ./Core/Src/driver_htu21d.o
 .text.a_htu21d_write
                0x08000e88       0x44 ./Core/Src/driver_htu21d.o
 .text.a_htu21d_read
                0x08000ecc       0x72 ./Core/Src/driver_htu21d.o
 *fill*         0x08000f3e        0x2 
 .text.a_htu21d_crc
                0x08000f40       0x7c ./Core/Src/driver_htu21d.o
 .text.htu21d_read_temperature_humidity
                0x08000fbc      0x44c ./Core/Src/driver_htu21d.o
                0x08000fbc                htu21d_read_temperature_humidity
 .text.htu21d_init
                0x08001408      0x1c4 ./Core/Src/driver_htu21d.o
                0x08001408                htu21d_init
 .text.htu21d_interface_iic_init
                0x080015cc        0xc ./Core/Src/driver_htu21d_interface_template.o
                0x080015cc                htu21d_interface_iic_init
 .text.htu21d_interface_iic_deinit
                0x080015d8        0xc ./Core/Src/driver_htu21d_interface_template.o
                0x080015d8                htu21d_interface_iic_deinit
 .text.htu21d_interface_iic_write_cmd
                0x080015e4       0x44 ./Core/Src/driver_htu21d_interface_template.o
                0x080015e4                htu21d_interface_iic_write_cmd
 .text.htu21d_interface_iic_read_cmd
                0x08001628       0x44 ./Core/Src/driver_htu21d_interface_template.o
                0x08001628                htu21d_interface_iic_read_cmd
 .text.htu21d_interface_iic_write
                0x0800166c       0x88 ./Core/Src/driver_htu21d_interface_template.o
                0x0800166c                htu21d_interface_iic_write
 .text.htu21d_interface_iic_read
                0x080016f4       0x58 ./Core/Src/driver_htu21d_interface_template.o
                0x080016f4                htu21d_interface_iic_read
 .text.htu21d_interface_iic_read_with_scl
                0x0800174c       0x3e ./Core/Src/driver_htu21d_interface_template.o
                0x0800174c                htu21d_interface_iic_read_with_scl
 .text.htu21d_interface_delay_ms
                0x0800178a       0x18 ./Core/Src/driver_htu21d_interface_template.o
                0x0800178a                htu21d_interface_delay_ms
 .text.htu21d_interface_debug_print
                0x080017a2       0x12 ./Core/Src/driver_htu21d_interface_template.o
                0x080017a2                htu21d_interface_debug_print
 .text.main     0x080017b4      0x10c ./Core/Src/main.o
                0x080017b4                main
 .text.SystemClock_Config
                0x080018c0       0x8a ./Core/Src/main.o
                0x080018c0                SystemClock_Config
 *fill*         0x0800194a        0x2 
 .text.MX_I2C1_Init
                0x0800194c       0x80 ./Core/Src/main.o
 .text.MX_GPIO_Init
                0x080019cc       0x74 ./Core/Src/main.o
 .text.Error_Handler
                0x08001a40        0xc ./Core/Src/main.o
                0x08001a40                Error_Handler
 .text.HAL_MspInit
                0x08001a4c       0x48 ./Core/Src/stm32u0xx_hal_msp.o
                0x08001a4c                HAL_MspInit
 .text.HAL_I2C_MspInit
                0x08001a94       0xc4 ./Core/Src/stm32u0xx_hal_msp.o
                0x08001a94                HAL_I2C_MspInit
 .text.NMI_Handler
                0x08001b58        0x8 ./Core/Src/stm32u0xx_it.o
                0x08001b58                NMI_Handler
 .text.HardFault_Handler
                0x08001b60        0x8 ./Core/Src/stm32u0xx_it.o
                0x08001b60                HardFault_Handler
 .text.SVC_Handler
                0x08001b68        0xa ./Core/Src/stm32u0xx_it.o
                0x08001b68                SVC_Handler
 .text.PendSV_Handler
                0x08001b72        0xa ./Core/Src/stm32u0xx_it.o
                0x08001b72                PendSV_Handler
 .text.SysTick_Handler
                0x08001b7c        0xe ./Core/Src/stm32u0xx_it.o
                0x08001b7c                SysTick_Handler
 .text.EXTI4_15_IRQHandler
                0x08001b8a       0x10 ./Core/Src/stm32u0xx_it.o
                0x08001b8a                EXTI4_15_IRQHandler
 *fill*         0x08001b9a        0x2 
 .text.SystemInit
                0x08001b9c       0x58 ./Core/Src/system_stm32u0xx.o
                0x08001b9c                SystemInit
 .text.Reset_Handler
                0x08001bf4       0x50 ./Core/Startup/startup_stm32u083rctx.o
                0x08001bf4                Reset_Handler
 .text.Default_Handler
                0x08001c44        0x2 ./Core/Startup/startup_stm32u083rctx.o
                0x08001c44                WWDG_IWDG_IRQHandler
                0x08001c44                DMA1_Ch4_7_DMA2_Ch1_5_DMAMUX_OVR_IRQHandler
                0x08001c44                TIM1_CC_IRQHandler
                0x08001c44                TSC_IRQHandler
                0x08001c44                USB_DRD_FS_IRQHandler
                0x08001c44                I2C1_IRQHandler
                0x08001c44                TIM7_LPTIM2_IRQHandler
                0x08001c44                RCC_CRS_IRQHandler
                0x08001c44                RTC_TAMP_IRQHandler
                0x08001c44                I2C2_3_4_IRQHandler
                0x08001c44                SPI1_IRQHandler
                0x08001c44                EXTI2_3_IRQHandler
                0x08001c44                USART2_LPUART2_IRQHandler
                0x08001c44                LCD_IRQHandler
                0x08001c44                TIM16_IRQHandler
                0x08001c44                TIM3_IRQHandler
                0x08001c44                DMA1_Channel1_IRQHandler
                0x08001c44                Default_Handler
                0x08001c44                TIM15_LPTIM3_IRQHandler
                0x08001c44                EXTI0_1_IRQHandler
                0x08001c44                SPI2_3_IRQHandler
                0x08001c44                ADC_COMP1_2_IRQHandler
                0x08001c44                PVD_PVM_IRQHandler
                0x08001c44                TIM6_DAC_LPTIM1_IRQHandler
                0x08001c44                TIM2_IRQHandler
                0x08001c44                DMA1_Channel2_3_IRQHandler
                0x08001c44                USART4_LPUART3_IRQHandler
                0x08001c44                FLASH_ECC_IRQHandler
                0x08001c44                USART3_LPUART1_IRQHandler
                0x08001c44                USART1_IRQHandler
                0x08001c44                TIM1_BRK_UP_TRG_COM_IRQHandler
                0x08001c44                RNG_CRYP_IRQHandler
 *fill*         0x08001c46        0x2 
 .text.BSP_LED_Init
                0x08001c48       0x7c ./Drivers/BSP/STM32U0xx_Nucleo/stm32u0xx_nucleo.o
                0x08001c48                BSP_LED_Init
 .text.BSP_PB_Init
                0x08001cc4      0x104 ./Drivers/BSP/STM32U0xx_Nucleo/stm32u0xx_nucleo.o
                0x08001cc4                BSP_PB_Init
 .text.BSP_PB_IRQHandler
                0x08001dc8       0x30 ./Drivers/BSP/STM32U0xx_Nucleo/stm32u0xx_nucleo.o
                0x08001dc8                BSP_PB_IRQHandler
 .text.BSP_PB_Callback
                0x08001df8       0x14 ./Drivers/BSP/STM32U0xx_Nucleo/stm32u0xx_nucleo.o
                0x08001df8                BSP_PB_Callback
 .text.BSP_COM_Init
                0x08001e0c       0x64 ./Drivers/BSP/STM32U0xx_Nucleo/stm32u0xx_nucleo.o
                0x08001e0c                BSP_COM_Init
 .text.MX_USART2_Init
                0x08001e70       0x6c ./Drivers/BSP/STM32U0xx_Nucleo/stm32u0xx_nucleo.o
                0x08001e70                MX_USART2_Init
 .text.BUTTON_USER_EXTI_Callback
                0x08001edc       0x10 ./Drivers/BSP/STM32U0xx_Nucleo/stm32u0xx_nucleo.o
 .text.COM1_MspInit
                0x08001eec       0xb0 ./Drivers/BSP/STM32U0xx_Nucleo/stm32u0xx_nucleo.o
 .text.HAL_Init
                0x08001f9c       0x2e ./Drivers/STM32U0xx_HAL_Driver/Src/stm32u0xx_hal.o
                0x08001f9c                HAL_Init
 *fill*         0x08001fca        0x2 
 .text.HAL_InitTick
                0x08001fcc       0x94 ./Drivers/STM32U0xx_HAL_Driver/Src/stm32u0xx_hal.o
                0x08001fcc                HAL_InitTick
 .text.HAL_IncTick
                0x08002060       0x24 ./Drivers/STM32U0xx_HAL_Driver/Src/stm32u0xx_hal.o
                0x08002060                HAL_IncTick
 .text.HAL_GetTick
                0x08002084       0x14 ./Drivers/STM32U0xx_HAL_Driver/Src/stm32u0xx_hal.o
                0x08002084                HAL_GetTick
 .text.HAL_Delay
                0x08002098       0x48 ./Drivers/STM32U0xx_HAL_Driver/Src/stm32u0xx_hal.o
                0x08002098                HAL_Delay
 .text.__NVIC_EnableIRQ
                0x080020e0       0x34 ./Drivers/STM32U0xx_HAL_Driver/Src/stm32u0xx_hal_cortex.o
 .text.__NVIC_SetPriority
                0x08002114       0xdc ./Drivers/STM32U0xx_HAL_Driver/Src/stm32u0xx_hal_cortex.o
 .text.SysTick_Config
                0x080021f0       0x48 ./Drivers/STM32U0xx_HAL_Driver/Src/stm32u0xx_hal_cortex.o
 .text.HAL_NVIC_SetPriority
                0x08002238       0x2a ./Drivers/STM32U0xx_HAL_Driver/Src/stm32u0xx_hal_cortex.o
                0x08002238                HAL_NVIC_SetPriority
 .text.HAL_NVIC_EnableIRQ
                0x08002262       0x20 ./Drivers/STM32U0xx_HAL_Driver/Src/stm32u0xx_hal_cortex.o
                0x08002262                HAL_NVIC_EnableIRQ
 .text.HAL_SYSTICK_Config
                0x08002282       0x1a ./Drivers/STM32U0xx_HAL_Driver/Src/stm32u0xx_hal_cortex.o
                0x08002282                HAL_SYSTICK_Config
 .text.HAL_EXTI_RegisterCallback
                0x0800229c       0x64 ./Drivers/STM32U0xx_HAL_Driver/Src/stm32u0xx_hal_exti.o
                0x0800229c                HAL_EXTI_RegisterCallback
 .text.HAL_EXTI_GetHandle
                0x08002300       0x24 ./Drivers/STM32U0xx_HAL_Driver/Src/stm32u0xx_hal_exti.o
                0x08002300                HAL_EXTI_GetHandle
 .text.HAL_EXTI_IRQHandler
                0x08002324       0x94 ./Drivers/STM32U0xx_HAL_Driver/Src/stm32u0xx_hal_exti.o
                0x08002324                HAL_EXTI_IRQHandler
 .text.HAL_GPIO_Init
                0x080023b8      0x2e8 ./Drivers/STM32U0xx_HAL_Driver/Src/stm32u0xx_hal_gpio.o
                0x080023b8                HAL_GPIO_Init
 .text.HAL_I2C_Init
                0x080026a0      0x14c ./Drivers/STM32U0xx_HAL_Driver/Src/stm32u0xx_hal_i2c.o
                0x080026a0                HAL_I2C_Init
 .text.HAL_I2C_Master_Transmit
                0x080027ec      0x210 ./Drivers/STM32U0xx_HAL_Driver/Src/stm32u0xx_hal_i2c.o
                0x080027ec                HAL_I2C_Master_Transmit
 .text.HAL_I2C_Master_Receive
                0x080029fc      0x210 ./Drivers/STM32U0xx_HAL_Driver/Src/stm32u0xx_hal_i2c.o
                0x080029fc                HAL_I2C_Master_Receive
 .text.HAL_I2C_Mem_Write
                0x08002c0c      0x25c ./Drivers/STM32U0xx_HAL_Driver/Src/stm32u0xx_hal_i2c.o
                0x08002c0c                HAL_I2C_Mem_Write
 .text.HAL_I2C_Mem_Read
                0x08002e68      0x268 ./Drivers/STM32U0xx_HAL_Driver/Src/stm32u0xx_hal_i2c.o
                0x08002e68                HAL_I2C_Mem_Read
 .text.I2C_RequestMemoryWrite
                0x080030d0       0xc8 ./Drivers/STM32U0xx_HAL_Driver/Src/stm32u0xx_hal_i2c.o
 .text.I2C_RequestMemoryRead
                0x08003198       0xc4 ./Drivers/STM32U0xx_HAL_Driver/Src/stm32u0xx_hal_i2c.o
 .text.I2C_Flush_TXDR
                0x0800325c       0x44 ./Drivers/STM32U0xx_HAL_Driver/Src/stm32u0xx_hal_i2c.o
 .text.I2C_WaitOnFlagUntilTimeout
                0x080032a0       0xb0 ./Drivers/STM32U0xx_HAL_Driver/Src/stm32u0xx_hal_i2c.o
 .text.I2C_WaitOnTXISFlagUntilTimeout
                0x08003350       0x8c ./Drivers/STM32U0xx_HAL_Driver/Src/stm32u0xx_hal_i2c.o
 .text.I2C_WaitOnSTOPFlagUntilTimeout
                0x080033dc       0x86 ./Drivers/STM32U0xx_HAL_Driver/Src/stm32u0xx_hal_i2c.o
 *fill*         0x08003462        0x2 
 .text.I2C_WaitOnRXNEFlagUntilTimeout
                0x08003464      0x13c ./Drivers/STM32U0xx_HAL_Driver/Src/stm32u0xx_hal_i2c.o
 .text.I2C_IsErrorOccurred
                0x080035a0      0x1f0 ./Drivers/STM32U0xx_HAL_Driver/Src/stm32u0xx_hal_i2c.o
 .text.I2C_TransferConfig
                0x08003790       0x74 ./Drivers/STM32U0xx_HAL_Driver/Src/stm32u0xx_hal_i2c.o
 .text.HAL_I2CEx_ConfigAnalogFilter
                0x08003804       0x98 ./Drivers/STM32U0xx_HAL_Driver/Src/stm32u0xx_hal_i2c_ex.o
                0x08003804                HAL_I2CEx_ConfigAnalogFilter
 .text.HAL_I2CEx_ConfigDigitalFilter
                0x0800389c       0x98 ./Drivers/STM32U0xx_HAL_Driver/Src/stm32u0xx_hal_i2c_ex.o
                0x0800389c                HAL_I2CEx_ConfigDigitalFilter
 .text.HAL_PWREx_ControlVoltageScaling
                0x08003934       0xc0 ./Drivers/STM32U0xx_HAL_Driver/Src/stm32u0xx_hal_pwr_ex.o
                0x08003934                HAL_PWREx_ControlVoltageScaling
 .text.HAL_PWREx_GetVoltageRange
                0x080039f4       0x18 ./Drivers/STM32U0xx_HAL_Driver/Src/stm32u0xx_hal_pwr_ex.o
                0x080039f4                HAL_PWREx_GetVoltageRange
 .text.HAL_RCC_OscConfig
                0x08003a0c      0x854 ./Drivers/STM32U0xx_HAL_Driver/Src/stm32u0xx_hal_rcc.o
                0x08003a0c                HAL_RCC_OscConfig
 .text.HAL_RCC_ClockConfig
                0x08004260      0x1d8 ./Drivers/STM32U0xx_HAL_Driver/Src/stm32u0xx_hal_rcc.o
                0x08004260                HAL_RCC_ClockConfig
 .text.HAL_RCC_GetSysClockFreq
                0x08004438      0x138 ./Drivers/STM32U0xx_HAL_Driver/Src/stm32u0xx_hal_rcc.o
                0x08004438                HAL_RCC_GetSysClockFreq
 .text.HAL_RCC_GetHCLKFreq
                0x08004570       0x14 ./Drivers/STM32U0xx_HAL_Driver/Src/stm32u0xx_hal_rcc.o
                0x08004570                HAL_RCC_GetHCLKFreq
 .text.HAL_RCC_GetPCLK1Freq
                0x08004584       0x30 ./Drivers/STM32U0xx_HAL_Driver/Src/stm32u0xx_hal_rcc.o
                0x08004584                HAL_RCC_GetPCLK1Freq
 .text.RCC_SetFlashLatencyFromMSIRange
                0x080045b4       0xd8 ./Drivers/STM32U0xx_HAL_Driver/Src/stm32u0xx_hal_rcc.o
 .text.HAL_RCCEx_PeriphCLKConfig
                0x0800468c      0x44c ./Drivers/STM32U0xx_HAL_Driver/Src/stm32u0xx_hal_rcc_ex.o
                0x0800468c                HAL_RCCEx_PeriphCLKConfig
 .text.HAL_RCCEx_GetPeriphCLKFreq
                0x08004ad8      0xa98 ./Drivers/STM32U0xx_HAL_Driver/Src/stm32u0xx_hal_rcc_ex.o
                0x08004ad8                HAL_RCCEx_GetPeriphCLKFreq
 .text.HAL_RCCEx_GetPLLClockFreq
                0x08005570      0x17c ./Drivers/STM32U0xx_HAL_Driver/Src/stm32u0xx_hal_rcc_ex.o
                0x08005570                HAL_RCCEx_GetPLLClockFreq
 .text.HAL_UART_Init
                0x080056ec       0xac ./Drivers/STM32U0xx_HAL_Driver/Src/stm32u0xx_hal_uart.o
                0x080056ec                HAL_UART_Init
 .text.HAL_UART_MspInit
                0x08005798       0x10 ./Drivers/STM32U0xx_HAL_Driver/Src/stm32u0xx_hal_uart.o
                0x08005798                HAL_UART_MspInit
 .text.UART_SetConfig
                0x080057a8      0x3a4 ./Drivers/STM32U0xx_HAL_Driver/Src/stm32u0xx_hal_uart.o
                0x080057a8                UART_SetConfig
 .text.UART_AdvFeatureConfig
                0x08005b4c      0x168 ./Drivers/STM32U0xx_HAL_Driver/Src/stm32u0xx_hal_uart.o
                0x08005b4c                UART_AdvFeatureConfig
 .text.UART_CheckIdleState
                0x08005cb4      0x154 ./Drivers/STM32U0xx_HAL_Driver/Src/stm32u0xx_hal_uart.o
                0x08005cb4                UART_CheckIdleState
 .text.UART_WaitOnFlagUntilTimeout
                0x08005e08       0xde ./Drivers/STM32U0xx_HAL_Driver/Src/stm32u0xx_hal_uart.o
                0x08005e08                UART_WaitOnFlagUntilTimeout
 *fill*         0x08005ee6        0x2 
 .text.UART_EndRxTransfer
                0x08005ee8       0xcc ./Drivers/STM32U0xx_HAL_Driver/Src/stm32u0xx_hal_uart.o
 .text.memset   0x08005fb4       0x10 C:/ST/STM32CubeIDE_2.2.0/STM32CubeIDE/plugins/com.st.stm32cube.ide.mcu.externaltools.gnu-tools-for-stm32.14.3.rel1.win32_1.0.100.202602081740/tools/bin/../lib/gcc/arm-none-eabi/14.3.1/../../../../arm-none-eabi/lib/thumb/v6-m/nofp\libc_nano.a(libc_a-memset.o)
                0x08005fb4                memset
 .text.__libc_init_array
                0x08005fc4       0x48 C:/ST/STM32CubeIDE_2.2.0/STM32CubeIDE/plugins/com.st.stm32cube.ide.mcu.externaltools.gnu-tools-for-stm32.14.3.rel1.win32_1.0.100.202602081740/tools/bin/../lib/gcc/arm-none-eabi/14.3.1/../../../../arm-none-eabi/lib/thumb/v6-m/nofp\libc_nano.a(libc_a-init.o)
                0x08005fc4                __libc_init_array
 *(.glue_7)
 .glue_7        0x0800600c        0x0 linker stubs
 *(.glue_7t)
 .glue_7t       0x0800600c        0x0 linker stubs
 *(.eh_frame)
 .eh_frame      0x0800600c        0x0 C:/ST/STM32CubeIDE_2.2.0/STM32CubeIDE/plugins/com.st.stm32cube.ide.mcu.externaltools.gnu-tools-for-stm32.14.3.rel1.win32_1.0.100.202602081740/tools/bin/../lib/gcc/arm-none-eabi/14.3.1/thumb/v6-m/nofp/crtbegin.o
 *(.init)
 .init          0x0800600c        0x4 C:/ST/STM32CubeIDE_2.2.0/STM32CubeIDE/plugins/com.st.stm32cube.ide.mcu.externaltools.gnu-tools-for-stm32.14.3.rel1.win32_1.0.100.202602081740/tools/bin/../lib/gcc/arm-none-eabi/14.3.1/thumb/v6-m/nofp/crti.o
                0x0800600c                _init
 .init          0x08006010        0x8 C:/ST/STM32CubeIDE_2.2.0/STM32CubeIDE/plugins/com.st.stm32cube.ide.mcu.externaltools.gnu-tools-for-stm32.14.3.rel1.win32_1.0.100.202602081740/tools/bin/../lib/gcc/arm-none-eabi/14.3.1/thumb/v6-m/nofp/crtn.o
 *(.fini)
 .fini          0x08006018        0x4 C:/ST/STM32CubeIDE_2.2.0/STM32CubeIDE/plugins/com.st.stm32cube.ide.mcu.externaltools.gnu-tools-for-stm32.14.3.rel1.win32_1.0.100.202602081740/tools/bin/../lib/gcc/arm-none-eabi/14.3.1/thumb/v6-m/nofp/crti.o
                0x08006018                _fini
 .fini          0x0800601c        0x8 C:/ST/STM32CubeIDE_2.2.0/STM32CubeIDE/plugins/com.st.stm32cube.ide.mcu.externaltools.gnu-tools-for-stm32.14.3.rel1.win32_1.0.100.202602081740/tools/bin/../lib/gcc/arm-none-eabi/14.3.1/thumb/v6-m/nofp/crtn.o
                0x08006024                        . = ALIGN (0x4)
                0x08006024                        _etext = .

.vfp11_veneer   0x08006024        0x0
 .vfp11_veneer  0x08006024        0x0 linker stubs

.v4_bx          0x08006024        0x0
 .v4_bx         0x08006024        0x0 linker stubs

.iplt           0x08006024        0x0
 .iplt          0x08006024        0x0 C:/ST/STM32CubeIDE_2.2.0/STM32CubeIDE/plugins/com.st.stm32cube.ide.mcu.externaltools.gnu-tools-for-stm32.14.3.rel1.win32_1.0.100.202602081740/tools/bin/../lib/gcc/arm-none-eabi/14.3.1/thumb/v6-m/nofp/crtbegin.o

.rodata         0x08006024      0x3bc
                0x08006024                        . = ALIGN (0x4)
 *(.rodata)
 .rodata        0x08006024      0x258 ./Core/Src/driver_htu21d.o
 .rodata        0x0800627c       0x7c C:/ST/STM32CubeIDE_2.2.0/STM32CubeIDE/plugins/com.st.stm32cube.ide.mcu.externaltools.gnu-tools-for-stm32.14.3.rel1.win32_1.0.100.202602081740/tools/bin/../lib/gcc/arm-none-eabi/14.3.1/thumb/v6-m/nofp\libgcc.a(divsf3.o)
 *(.rodata*)
 .rodata.AHBPrescTable
                0x080062f8       0x10 ./Core/Src/system_stm32u0xx.o
                0x080062f8                AHBPrescTable
 .rodata.APBPrescTable
                0x08006308        0x8 ./Core/Src/system_stm32u0xx.o
                0x08006308                APBPrescTable
 .rodata.MSIRangeTable
                0x08006310       0x30 ./Core/Src/system_stm32u0xx.o
                0x08006310                MSIRangeTable
 .rodata.BUTTON_EXTI_LINE.2
                0x08006340        0x4 ./Drivers/BSP/STM32U0xx_Nucleo/stm32u0xx_nucleo.o
 .rodata.HAL_RCCEx_GetPeriphCLKFreq
                0x08006344       0x84 ./Drivers/STM32U0xx_HAL_Driver/Src/stm32u0xx_hal_rcc_ex.o
 .rodata.UARTPrescTable
                0x080063c8       0x18 ./Drivers/STM32U0xx_HAL_Driver/Src/stm32u0xx_hal_uart.o
                0x080063c8                UARTPrescTable
                0x080063e0                        . = ALIGN (0x4)

.ARM.extab      0x080063e0        0x0
                0x080063e0                        . = ALIGN (0x4)
 *(.ARM.extab* .gnu.linkonce.armextab.*)
                0x080063e0                        . = ALIGN (0x4)

.ARM            0x080063e0        0x8
                0x080063e0                        . = ALIGN (0x4)
                0x080063e0                        __exidx_start = .
 *(.ARM.exidx*)
 .ARM.exidx     0x080063e0        0x8 C:/ST/STM32CubeIDE_2.2.0/STM32CubeIDE/plugins/com.st.stm32cube.ide.mcu.externaltools.gnu-tools-for-stm32.14.3.rel1.win32_1.0.100.202602081740/tools/bin/../lib/gcc/arm-none-eabi/14.3.1/thumb/v6-m/nofp\libgcc.a(_udivmoddi4.o)
                0x080063e8                        __exidx_end = .
                0x080063e8                        . = ALIGN (0x4)

.preinit_array  0x080063e8        0x0
                0x080063e8                        . = ALIGN (0x4)
                0x080063e8                        PROVIDE (__preinit_array_start = .)
 *(.preinit_array*)
                0x080063e8                        PROVIDE (__preinit_array_end = .)
                0x080063e8                        . = ALIGN (0x4)

.init_array     0x080063e8        0x4
                0x080063e8                        . = ALIGN (0x4)
                0x080063e8                        PROVIDE (__init_array_start = .)
 *(SORT_BY_NAME(.init_array.*))
 *(.init_array*)
 .init_array    0x080063e8        0x4 C:/ST/STM32CubeIDE_2.2.0/STM32CubeIDE/plugins/com.st.stm32cube.ide.mcu.externaltools.gnu-tools-for-stm32.14.3.rel1.win32_1.0.100.202602081740/tools/bin/../lib/gcc/arm-none-eabi/14.3.1/thumb/v6-m/nofp/crtbegin.o
                0x080063ec                        PROVIDE (__init_array_end = .)
                0x080063ec                        . = ALIGN (0x4)

.fini_array     0x080063ec        0x4
                0x080063ec                        . = ALIGN (0x4)
                [!provide]                        PROVIDE (__fini_array_start = .)
 *(SORT_BY_NAME(.fini_array.*))
 *(.fini_array*)
 .fini_array    0x080063ec        0x4 C:/ST/STM32CubeIDE_2.2.0/STM32CubeIDE/plugins/com.st.stm32cube.ide.mcu.externaltools.gnu-tools-for-stm32.14.3.rel1.win32_1.0.100.202602081740/tools/bin/../lib/gcc/arm-none-eabi/14.3.1/thumb/v6-m/nofp/crtbegin.o
                [!provide]                        PROVIDE (__fini_array_end = .)
                0x080063f0                        . = ALIGN (0x4)
                0x080063f0                        _sidata = LOADADDR (.data)

.rel.dyn        0x080063f0        0x0
 .rel.iplt      0x080063f0        0x0 C:/ST/STM32CubeIDE_2.2.0/STM32CubeIDE/plugins/com.st.stm32cube.ide.mcu.externaltools.gnu-tools-for-stm32.14.3.rel1.win32_1.0.100.202602081740/tools/bin/../lib/gcc/arm-none-eabi/14.3.1/thumb/v6-m/nofp/crtbegin.o

.data           0x20000000       0x20 load address 0x080063f0
                0x20000000                        . = ALIGN (0x4)
                0x20000000                        _sdata = .
 *(.data)
 *(.data*)
 .data.SystemCoreClock
                0x20000000        0x4 ./Core/Src/system_stm32u0xx.o
                0x20000000                SystemCoreClock
 .data.COM_USART
                0x20000004        0x4 ./Drivers/BSP/STM32U0xx_Nucleo/stm32u0xx_nucleo.o
                0x20000004                COM_USART
 .data.LED_PORT
                0x20000008        0x4 ./Drivers/BSP/STM32U0xx_Nucleo/stm32u0xx_nucleo.o
 .data.BUTTON_PORT
                0x2000000c        0x4 ./Drivers/BSP/STM32U0xx_Nucleo/stm32u0xx_nucleo.o
 .data.ButtonCallback.1
                0x20000010        0x4 ./Drivers/BSP/STM32U0xx_Nucleo/stm32u0xx_nucleo.o
 .data.BSP_BUTTON_PRIO.0
                0x20000014        0x4 ./Drivers/BSP/STM32U0xx_Nucleo/stm32u0xx_nucleo.o
 .data.uwTickPrio
                0x20000018        0x4 ./Drivers/STM32U0xx_HAL_Driver/Src/stm32u0xx_hal.o
                0x20000018                uwTickPrio
 .data.uwTickFreq
                0x2000001c        0x1 ./Drivers/STM32U0xx_HAL_Driver/Src/stm32u0xx_hal.o
                0x2000001c                uwTickFreq
 *(.RamFunc)
 *(.RamFunc*)
                0x20000020                        . = ALIGN (0x4)
 *fill*         0x2000001d        0x3 
                0x20000020                        _edata = .

.igot.plt       0x20000020        0x0 load address 0x08006410
 .igot.plt      0x20000020        0x0 C:/ST/STM32CubeIDE_2.2.0/STM32CubeIDE/plugins/com.st.stm32cube.ide.mcu.externaltools.gnu-tools-for-stm32.14.3.rel1.win32_1.0.100.202602081740/tools/bin/../lib/gcc/arm-none-eabi/14.3.1/thumb/v6-m/nofp/crtbegin.o
                0x20000020                        . = ALIGN (0x4)

.bss            0x20000020      0x14c load address 0x08006410
                0x20000020                        _sbss = .
                0x20000020                        __bss_start__ = _sbss
 *(.bss)
 .bss           0x20000020       0x1c C:/ST/STM32CubeIDE_2.2.0/STM32CubeIDE/plugins/com.st.stm32cube.ide.mcu.externaltools.gnu-tools-for-stm32.14.3.rel1.win32_1.0.100.202602081740/tools/bin/../lib/gcc/arm-none-eabi/14.3.1/thumb/v6-m/nofp/crtbegin.o
 *(.bss*)
 .bss.BspCOMInit
                0x2000003c       0x10 ./Core/Src/main.o
                0x2000003c                BspCOMInit
 .bss.hi2c1     0x2000004c       0x54 ./Core/Src/main.o
                0x2000004c                hi2c1
 .bss.htu21d    0x200000a0       0x28 ./Core/Src/main.o
                0x200000a0                htu21d
 .bss.hpb_exti  0x200000c8        0xc ./Drivers/BSP/STM32U0xx_Nucleo/stm32u0xx_nucleo.o
                0x200000c8                hpb_exti
 .bss.hcom_uart
                0x200000d4       0x94 ./Drivers/BSP/STM32U0xx_Nucleo/stm32u0xx_nucleo.o
                0x200000d4                hcom_uart
 .bss.uwTick    0x20000168        0x4 ./Drivers/STM32U0xx_HAL_Driver/Src/stm32u0xx_hal.o
                0x20000168                uwTick
 *(COMMON)
                0x2000016c                        . = ALIGN (0x4)
                0x2000016c                        _ebss = .
                0x2000016c                        __bss_end__ = _ebss

._user_heap_stack
                0x2000016c      0x604 load address 0x08006410
                0x20000170                        . = ALIGN (0x8)
 *fill*         0x2000016c        0x4 
                [!provide]                        PROVIDE (end = .)
                0x20000170                        PROVIDE (_end = .)
                0x20000370                        . = (. + _Min_Heap_Size)
 *fill*         0x20000170      0x200 
                0x20000770                        . = (. + _Min_Stack_Size)
 *fill*         0x20000370      0x400 
                0x20000770                        . = ALIGN (0x8)

/DISCARD/
 libc.a(*)
 libm.a(*)
 libgcc.a(*)

.ARM.attributes
                0x00000000       0x28
 *(.ARM.attributes)
 .ARM.attributes
                0x00000000       0x1e C:/ST/STM32CubeIDE_2.2.0/STM32CubeIDE/plugins/com.st.stm32cube.ide.mcu.externaltools.gnu-tools-for-stm32.14.3.rel1.win32_1.0.100.202602081740/tools/bin/../lib/gcc/arm-none-eabi/14.3.1/thumb/v6-m/nofp/crti.o
 .ARM.attributes
                0x0000001e       0x2c C:/ST/STM32CubeIDE_2.2.0/STM32CubeIDE/plugins/com.st.stm32cube.ide.mcu.externaltools.gnu-tools-for-stm32.14.3.rel1.win32_1.0.100.202602081740/tools/bin/../lib/gcc/arm-none-eabi/14.3.1/thumb/v6-m/nofp/crtbegin.o
 .ARM.attributes
                0x0000004a       0x2c ./Core/Src/driver_htu21d.o
 .ARM.attributes
                0x00000076       0x2c ./Core/Src/driver_htu21d_interface_template.o
 .ARM.attributes
                0x000000a2       0x2c ./Core/Src/main.o
 .ARM.attributes
                0x000000ce       0x2c ./Core/Src/stm32u0xx_hal_msp.o
 .ARM.attributes
                0x000000fa       0x2c ./Core/Src/stm32u0xx_it.o
 .ARM.attributes
                0x00000126       0x2c ./Core/Src/system_stm32u0xx.o
 .ARM.attributes
                0x00000152       0x22 ./Core/Startup/startup_stm32u083rctx.o
 .ARM.attributes
                0x00000174       0x2c ./Drivers/BSP/STM32U0xx_Nucleo/stm32u0xx_nucleo.o
 .ARM.attributes
                0x000001a0       0x2c ./Drivers/STM32U0xx_HAL_Driver/Src/stm32u0xx_hal.o
 .ARM.attributes
                0x000001cc       0x2c ./Drivers/STM32U0xx_HAL_Driver/Src/stm32u0xx_hal_cortex.o
 .ARM.attributes
                0x000001f8       0x2c ./Drivers/STM32U0xx_HAL_Driver/Src/stm32u0xx_hal_exti.o
 .ARM.attributes
                0x00000224       0x2c ./Drivers/STM32U0xx_HAL_Driver/Src/stm32u0xx_hal_gpio.o
 .ARM.attributes
                0x00000250       0x2c ./Drivers/STM32U0xx_HAL_Driver/Src/stm32u0xx_hal_i2c.o
 .ARM.attributes
                0x0000027c       0x2c ./Drivers/STM32U0xx_HAL_Driver/Src/stm32u0xx_hal_i2c_ex.o
 .ARM.attributes
                0x000002a8       0x2c ./Drivers/STM32U0xx_HAL_Driver/Src/stm32u0xx_hal_pwr_ex.o
 .ARM.attributes
                0x000002d4       0x2c ./Drivers/STM32U0xx_HAL_Driver/Src/stm32u0xx_hal_rcc.o
 .ARM.attributes
                0x00000300       0x2c ./Drivers/STM32U0xx_HAL_Driver/Src/stm32u0xx_hal_rcc_ex.o
 .ARM.attributes
                0x0000032c       0x2c ./Drivers/STM32U0xx_HAL_Driver/Src/stm32u0xx_hal_uart.o
 .ARM.attributes
                0x00000358       0x2c C:/ST/STM32CubeIDE_2.2.0/STM32CubeIDE/plugins/com.st.stm32cube.ide.mcu.externaltools.gnu-tools-for-stm32.14.3.rel1.win32_1.0.100.202602081740/tools/bin/../lib/gcc/arm-none-eabi/14.3.1/../../../../arm-none-eabi/lib/thumb/v6-m/nofp\libc_nano.a(libc_a-memset.o)
 .ARM.attributes
                0x00000384       0x2c C:/ST/STM32CubeIDE_2.2.0/STM32CubeIDE/plugins/com.st.stm32cube.ide.mcu.externaltools.gnu-tools-for-stm32.14.3.rel1.win32_1.0.100.202602081740/tools/bin/../lib/gcc/arm-none-eabi/14.3.1/../../../../arm-none-eabi/lib/thumb/v6-m/nofp\libc_nano.a(libc_a-init.o)
 .ARM.attributes
                0x000003b0       0x1e C:/ST/STM32CubeIDE_2.2.0/STM32CubeIDE/plugins/com.st.stm32cube.ide.mcu.externaltools.gnu-tools-for-stm32.14.3.rel1.win32_1.0.100.202602081740/tools/bin/../lib/gcc/arm-none-eabi/14.3.1/thumb/v6-m/nofp\libgcc.a(_udivsi3.o)
 .ARM.attributes
                0x000003ce       0x1e C:/ST/STM32CubeIDE_2.2.0/STM32CubeIDE/plugins/com.st.stm32cube.ide.mcu.externaltools.gnu-tools-for-stm32.14.3.rel1.win32_1.0.100.202602081740/tools/bin/../lib/gcc/arm-none-eabi/14.3.1/thumb/v6-m/nofp\libgcc.a(_dvmd_tls.o)
 .ARM.attributes
                0x000003ec       0x1e C:/ST/STM32CubeIDE_2.2.0/STM32CubeIDE/plugins/com.st.stm32cube.ide.mcu.externaltools.gnu-tools-for-stm32.14.3.rel1.win32_1.0.100.202602081740/tools/bin/../lib/gcc/arm-none-eabi/14.3.1/thumb/v6-m/nofp\libgcc.a(_aeabi_uldivmod.o)
 .ARM.attributes
                0x0000040a       0x2c C:/ST/STM32CubeIDE_2.2.0/STM32CubeIDE/plugins/com.st.stm32cube.ide.mcu.externaltools.gnu-tools-for-stm32.14.3.rel1.win32_1.0.100.202602081740/tools/bin/../lib/gcc/arm-none-eabi/14.3.1/thumb/v6-m/nofp\libgcc.a(_udivmoddi4.o)
 .ARM.attributes
                0x00000436       0x2c C:/ST/STM32CubeIDE_2.2.0/STM32CubeIDE/plugins/com.st.stm32cube.ide.mcu.externaltools.gnu-tools-for-stm32.14.3.rel1.win32_1.0.100.202602081740/tools/bin/../lib/gcc/arm-none-eabi/14.3.1/thumb/v6-m/nofp\libgcc.a(divsf3.o)
 .ARM.attributes
                0x00000462       0x2c C:/ST/STM32CubeIDE_2.2.0/STM32CubeIDE/plugins/com.st.stm32cube.ide.mcu.externaltools.gnu-tools-for-stm32.14.3.rel1.win32_1.0.100.202602081740/tools/bin/../lib/gcc/arm-none-eabi/14.3.1/thumb/v6-m/nofp\libgcc.a(mulsf3.o)
 .ARM.attributes
                0x0000048e       0x2c C:/ST/STM32CubeIDE_2.2.0/STM32CubeIDE/plugins/com.st.stm32cube.ide.mcu.externaltools.gnu-tools-for-stm32.14.3.rel1.win32_1.0.100.202602081740/tools/bin/../lib/gcc/arm-none-eabi/14.3.1/thumb/v6-m/nofp\libgcc.a(subsf3.o)
 .ARM.attributes
                0x000004ba       0x2c C:/ST/STM32CubeIDE_2.2.0/STM32CubeIDE/plugins/com.st.stm32cube.ide.mcu.externaltools.gnu-tools-for-stm32.14.3.rel1.win32_1.0.100.202602081740/tools/bin/../lib/gcc/arm-none-eabi/14.3.1/thumb/v6-m/nofp\libgcc.a(floatunsisf.o)
 .ARM.attributes
                0x000004e6       0x1e C:/ST/STM32CubeIDE_2.2.0/STM32CubeIDE/plugins/com.st.stm32cube.ide.mcu.externaltools.gnu-tools-for-stm32.14.3.rel1.win32_1.0.100.202602081740/tools/bin/../lib/gcc/arm-none-eabi/14.3.1/thumb/v6-m/nofp\libgcc.a(_clzsi2.o)
 .ARM.attributes
                0x00000504       0x1e C:/ST/STM32CubeIDE_2.2.0/STM32CubeIDE/plugins/com.st.stm32cube.ide.mcu.externaltools.gnu-tools-for-stm32.14.3.rel1.win32_1.0.100.202602081740/tools/bin/../lib/gcc/arm-none-eabi/14.3.1/thumb/v6-m/nofp\libgcc.a(_clzdi2.o)
 .ARM.attributes
                0x00000522       0x1e C:/ST/STM32CubeIDE_2.2.0/STM32CubeIDE/plugins/com.st.stm32cube.ide.mcu.externaltools.gnu-tools-for-stm32.14.3.rel1.win32_1.0.100.202602081740/tools/bin/../lib/gcc/arm-none-eabi/14.3.1/thumb/v6-m/nofp/crtn.o
OUTPUT(STM32Monitor.elf elf32-littlearm)
LOAD linker stubs
LOAD C:/ST/STM32CubeIDE_2.2.0/STM32CubeIDE/plugins/com.st.stm32cube.ide.mcu.externaltools.gnu-tools-for-stm32.14.3.rel1.win32_1.0.100.202602081740/tools/bin/../lib/gcc/arm-none-eabi/14.3.1/../../../../arm-none-eabi/lib/thumb/v6-m/nofp\libc.a
LOAD C:/ST/STM32CubeIDE_2.2.0/STM32CubeIDE/plugins/com.st.stm32cube.ide.mcu.externaltools.gnu-tools-for-stm32.14.3.rel1.win32_1.0.100.202602081740/tools/bin/../lib/gcc/arm-none-eabi/14.3.1/../../../../arm-none-eabi/lib/thumb/v6-m/nofp\libm.a
LOAD C:/ST/STM32CubeIDE_2.2.0/STM32CubeIDE/plugins/com.st.stm32cube.ide.mcu.externaltools.gnu-tools-for-stm32.14.3.rel1.win32_1.0.100.202602081740/tools/bin/../lib/gcc/arm-none-eabi/14.3.1/thumb/v6-m/nofp\libgcc.a

.debug_info     0x00000000    0x10683
 .debug_info    0x00000000      0xc23 ./Core/Src/driver_htu21d.o
 .debug_info    0x00000c23      0xa0e ./Core/Src/driver_htu21d_interface_template.o
 .debug_info    0x00001631     0x119f ./Core/Src/main.o
 .debug_info    0x000027d0      0xc62 ./Core/Src/stm32u0xx_hal_msp.o
 .debug_info    0x00003432      0x165 ./Core/Src/stm32u0xx_it.o
 .debug_info    0x00003597      0x67a ./Core/Src/system_stm32u0xx.o
 .debug_info    0x00003c11       0x30 ./Core/Startup/startup_stm32u083rctx.o
 .debug_info    0x00003c41     0x164b ./Drivers/BSP/STM32U0xx_Nucleo/stm32u0xx_nucleo.o
 .debug_info    0x0000528c      0xab3 ./Drivers/STM32U0xx_HAL_Driver/Src/stm32u0xx_hal.o
 .debug_info    0x00005d3f      0x8ef ./Drivers/STM32U0xx_HAL_Driver/Src/stm32u0xx_hal_cortex.o
 .debug_info    0x0000662e      0x65e ./Drivers/STM32U0xx_HAL_Driver/Src/stm32u0xx_hal_exti.o
 .debug_info    0x00006c8c      0x590 ./Drivers/STM32U0xx_HAL_Driver/Src/stm32u0xx_hal_gpio.o
 .debug_info    0x0000721c     0x21f1 ./Drivers/STM32U0xx_HAL_Driver/Src/stm32u0xx_hal_i2c.o
 .debug_info    0x0000940d      0x81b ./Drivers/STM32U0xx_HAL_Driver/Src/stm32u0xx_hal_i2c_ex.o
 .debug_info    0x00009c28      0x855 ./Drivers/STM32U0xx_HAL_Driver/Src/stm32u0xx_hal_pwr_ex.o
 .debug_info    0x0000a47d      0xc37 ./Drivers/STM32U0xx_HAL_Driver/Src/stm32u0xx_hal_rcc.o
 .debug_info    0x0000b0b4      0xe98 ./Drivers/STM32U0xx_HAL_Driver/Src/stm32u0xx_hal_rcc_ex.o
 .debug_info    0x0000bf4c     0x4737 ./Drivers/STM32U0xx_HAL_Driver/Src/stm32u0xx_hal_uart.o

.debug_abbrev   0x00000000     0x2575
 .debug_abbrev  0x00000000      0x213 ./Core/Src/driver_htu21d.o
 .debug_abbrev  0x00000213      0x20d ./Core/Src/driver_htu21d_interface_template.o
 .debug_abbrev  0x00000420      0x2d6 ./Core/Src/main.o
 .debug_abbrev  0x000006f6      0x1dd ./Core/Src/stm32u0xx_hal_msp.o
 .debug_abbrev  0x000008d3       0xe6 ./Core/Src/stm32u0xx_it.o
 .debug_abbrev  0x000009b9      0x117 ./Core/Src/system_stm32u0xx.o
 .debug_abbrev  0x00000ad0       0x24 ./Core/Startup/startup_stm32u083rctx.o
 .debug_abbrev  0x00000af4      0x323 ./Drivers/BSP/STM32U0xx_Nucleo/stm32u0xx_nucleo.o
 .debug_abbrev  0x00000e17      0x29d ./Drivers/STM32U0xx_HAL_Driver/Src/stm32u0xx_hal.o
 .debug_abbrev  0x000010b4      0x2ab ./Drivers/STM32U0xx_HAL_Driver/Src/stm32u0xx_hal_cortex.o
 .debug_abbrev  0x0000135f      0x197 ./Drivers/STM32U0xx_HAL_Driver/Src/stm32u0xx_hal_exti.o
 .debug_abbrev  0x000014f6      0x1c8 ./Drivers/STM32U0xx_HAL_Driver/Src/stm32u0xx_hal_gpio.o
 .debug_abbrev  0x000016be      0x282 ./Drivers/STM32U0xx_HAL_Driver/Src/stm32u0xx_hal_i2c.o
 .debug_abbrev  0x00001940      0x1ae ./Drivers/STM32U0xx_HAL_Driver/Src/stm32u0xx_hal_i2c_ex.o
 .debug_abbrev  0x00001aee      0x212 ./Drivers/STM32U0xx_HAL_Driver/Src/stm32u0xx_hal_pwr_ex.o
 .debug_abbrev  0x00001d00      0x2d8 ./Drivers/STM32U0xx_HAL_Driver/Src/stm32u0xx_hal_rcc.o
 .debug_abbrev  0x00001fd8      0x28d ./Drivers/STM32U0xx_HAL_Driver/Src/stm32u0xx_hal_rcc_ex.o
 .debug_abbrev  0x00002265      0x310 ./Drivers/STM32U0xx_HAL_Driver/Src/stm32u0xx_hal_uart.o

.debug_aranges  0x00000000      0xdd8
 .debug_aranges
                0x00000000       0xd8 ./Core/Src/driver_htu21d.o
 .debug_aranges
                0x000000d8       0x60 ./Core/Src/driver_htu21d_interface_template.o
 .debug_aranges
                0x00000138       0x40 ./Core/Src/main.o
 .debug_aranges
                0x00000178       0x30 ./Core/Src/stm32u0xx_hal_msp.o
 .debug_aranges
                0x000001a8       0x48 ./Core/Src/stm32u0xx_it.o
 .debug_aranges
                0x000001f0       0x28 ./Core/Src/system_stm32u0xx.o
 .debug_aranges
                0x00000218       0x28 ./Core/Startup/startup_stm32u083rctx.o
 .debug_aranges
                0x00000240       0xc8 ./Drivers/BSP/STM32U0xx_Nucleo/stm32u0xx_nucleo.o
 .debug_aranges
                0x00000308      0x158 ./Drivers/STM32U0xx_HAL_Driver/Src/stm32u0xx_hal.o
 .debug_aranges
                0x00000460       0xe8 ./Drivers/STM32U0xx_HAL_Driver/Src/stm32u0xx_hal_cortex.o
 .debug_aranges
                0x00000548       0x60 ./Drivers/STM32U0xx_HAL_Driver/Src/stm32u0xx_hal_exti.o
 .debug_aranges
                0x000005a8       0x60 ./Drivers/STM32U0xx_HAL_Driver/Src/stm32u0xx_hal_gpio.o
 .debug_aranges
                0x00000608      0x2a0 ./Drivers/STM32U0xx_HAL_Driver/Src/stm32u0xx_hal_i2c.o
 .debug_aranges
                0x000008a8       0x40 ./Drivers/STM32U0xx_HAL_Driver/Src/stm32u0xx_hal_i2c_ex.o
 .debug_aranges
                0x000008e8      0x130 ./Drivers/STM32U0xx_HAL_Driver/Src/stm32u0xx_hal_pwr_ex.o
 .debug_aranges
                0x00000a18       0x88 ./Drivers/STM32U0xx_HAL_Driver/Src/stm32u0xx_hal_rcc.o
 .debug_aranges
                0x00000aa0       0xf0 ./Drivers/STM32U0xx_HAL_Driver/Src/stm32u0xx_hal_rcc_ex.o
 .debug_aranges
                0x00000b90      0x248 ./Drivers/STM32U0xx_HAL_Driver/Src/stm32u0xx_hal_uart.o

.debug_rnglists
                0x00000000      0xac3
 .debug_rnglists
                0x00000000       0xa8 ./Core/Src/driver_htu21d.o
 .debug_rnglists
                0x000000a8       0x44 ./Core/Src/driver_htu21d_interface_template.o
 .debug_rnglists
                0x000000ec       0x2e ./Core/Src/main.o
 .debug_rnglists
                0x0000011a       0x20 ./Core/Src/stm32u0xx_hal_msp.o
 .debug_rnglists
                0x0000013a       0x31 ./Core/Src/stm32u0xx_it.o
 .debug_rnglists
                0x0000016b       0x1a ./Core/Src/system_stm32u0xx.o
 .debug_rnglists
                0x00000185       0x19 ./Core/Startup/startup_stm32u083rctx.o
 .debug_rnglists
                0x0000019e       0x93 ./Drivers/BSP/STM32U0xx_Nucleo/stm32u0xx_nucleo.o
 .debug_rnglists
                0x00000231       0xfe ./Drivers/STM32U0xx_HAL_Driver/Src/stm32u0xx_hal.o
 .debug_rnglists
                0x0000032f       0xaa ./Drivers/STM32U0xx_HAL_Driver/Src/stm32u0xx_hal_cortex.o
 .debug_rnglists
                0x000003d9       0x47 ./Drivers/STM32U0xx_HAL_Driver/Src/stm32u0xx_hal_exti.o
 .debug_rnglists
                0x00000420       0x45 ./Drivers/STM32U0xx_HAL_Driver/Src/stm32u0xx_hal_gpio.o
 .debug_rnglists
                0x00000465      0x229 ./Drivers/STM32U0xx_HAL_Driver/Src/stm32u0xx_hal_i2c.o
 .debug_rnglists
                0x0000068e       0x30 ./Drivers/STM32U0xx_HAL_Driver/Src/stm32u0xx_hal_i2c_ex.o
 .debug_rnglists
                0x000006be       0xe6 ./Drivers/STM32U0xx_HAL_Driver/Src/stm32u0xx_hal_pwr_ex.o
 .debug_rnglists
                0x000007a4       0x68 ./Drivers/STM32U0xx_HAL_Driver/Src/stm32u0xx_hal_rcc.o
 .debug_rnglists
                0x0000080c       0xba ./Drivers/STM32U0xx_HAL_Driver/Src/stm32u0xx_hal_rcc_ex.o
 .debug_rnglists
                0x000008c6      0x1fd ./Drivers/STM32U0xx_HAL_Driver/Src/stm32u0xx_hal_uart.o

.debug_macro    0x00000000    0x1c39e
 .debug_macro   0x00000000      0x1d9 ./Core/Src/driver_htu21d.o
 .debug_macro   0x000001d9      0xab4 ./Core/Src/driver_htu21d.o
 .debug_macro   0x00000c8d       0x22 ./Core/Src/driver_htu21d.o
 .debug_macro   0x00000caf       0x5b ./Core/Src/driver_htu21d.o
 .debug_macro   0x00000d0a       0x24 ./Core/Src/driver_htu21d.o
 .debug_macro   0x00000d2e       0x94 ./Core/Src/driver_htu21d.o
 .debug_macro   0x00000dc2       0x43 ./Core/Src/driver_htu21d.o
 .debug_macro   0x00000e05       0x34 ./Core/Src/driver_htu21d.o
 .debug_macro   0x00000e39       0x16 ./Core/Src/driver_htu21d.o
 .debug_macro   0x00000e4f       0x57 ./Core/Src/driver_htu21d.o
 .debug_macro   0x00000ea6       0x9e ./Core/Src/driver_htu21d.o
 .debug_macro   0x00000f44      0x364 ./Core/Src/driver_htu21d.o
 .debug_macro   0x000012a8      0x112 ./Core/Src/driver_htu21d.o
 .debug_macro   0x000013ba       0x10 ./Core/Src/driver_htu21d.o
 .debug_macro   0x000013ca       0x16 ./Core/Src/driver_htu21d.o
 .debug_macro   0x000013e0       0x4a ./Core/Src/driver_htu21d.o
 .debug_macro   0x0000142a       0x34 ./Core/Src/driver_htu21d.o
 .debug_macro   0x0000145e       0x10 ./Core/Src/driver_htu21d.o
 .debug_macro   0x0000146e       0x58 ./Core/Src/driver_htu21d.o
 .debug_macro   0x000014c6       0x8e ./Core/Src/driver_htu21d.o
 .debug_macro   0x00001554       0x1c ./Core/Src/driver_htu21d.o
 .debug_macro   0x00001570      0x17e ./Core/Src/driver_htu21d.o
 .debug_macro   0x000016ee       0x16 ./Core/Src/driver_htu21d.o
 .debug_macro   0x00001704       0x16 ./Core/Src/driver_htu21d.o
 .debug_macro   0x0000171a      0x146 ./Core/Src/driver_htu21d.o
 .debug_macro   0x00001860      0x103 ./Core/Src/driver_htu21d.o
 .debug_macro   0x00001963       0x6a ./Core/Src/driver_htu21d.o
 .debug_macro   0x000019cd      0x1df ./Core/Src/driver_htu21d.o
 .debug_macro   0x00001bac       0x16 ./Core/Src/driver_htu21d.o
 .debug_macro   0x00001bc2       0x3c ./Core/Src/driver_htu21d.o
 .debug_macro   0x00001bfe       0x20 ./Core/Src/driver_htu21d.o
 .debug_macro   0x00001c1e       0x4a ./Core/Src/driver_htu21d.o
 .debug_macro   0x00001c68      0x326 ./Core/Src/driver_htu21d_interface_template.o
 .debug_macro   0x00001f8e      0x118 ./Core/Src/driver_htu21d_interface_template.o
 .debug_macro   0x000020a6       0x2e ./Core/Src/driver_htu21d_interface_template.o
 .debug_macro   0x000020d4       0x28 ./Core/Src/driver_htu21d_interface_template.o
 .debug_macro   0x000020fc       0x1c ./Core/Src/driver_htu21d_interface_template.o
 .debug_macro   0x00002118       0x22 ./Core/Src/driver_htu21d_interface_template.o
 .debug_macro   0x0000213a       0xd1 ./Core/Src/driver_htu21d_interface_template.o
 .debug_macro   0x0000220b      0x4da ./Core/Src/driver_htu21d_interface_template.o
 .debug_macro   0x000026e5      0x11f ./Core/Src/driver_htu21d_interface_template.o
 .debug_macro   0x00002804     0xf876 ./Core/Src/driver_htu21d_interface_template.o
 .debug_macro   0x0001207a       0x6c ./Core/Src/driver_htu21d_interface_template.o
 .debug_macro   0x000120e6     0x3463 ./Core/Src/driver_htu21d_interface_template.o
 .debug_macro   0x00015549       0x54 ./Core/Src/driver_htu21d_interface_template.o
 .debug_macro   0x0001559d     0x13de ./Core/Src/driver_htu21d_interface_template.o
 .debug_macro   0x0001697b      0x55f ./Core/Src/driver_htu21d_interface_template.o
 .debug_macro   0x00016eda      0x1cf ./Core/Src/driver_htu21d_interface_template.o
 .debug_macro   0x000170a9      0x177 ./Core/Src/driver_htu21d_interface_template.o
 .debug_macro   0x00017220      0x4fa ./Core/Src/driver_htu21d_interface_template.o
 .debug_macro   0x0001771a      0x280 ./Core/Src/driver_htu21d_interface_template.o
 .debug_macro   0x0001799a      0x41e ./Core/Src/driver_htu21d_interface_template.o
 .debug_macro   0x00017db8      0x1b2 ./Core/Src/driver_htu21d_interface_template.o
 .debug_macro   0x00017f6a       0x43 ./Core/Src/driver_htu21d_interface_template.o
 .debug_macro   0x00017fad      0x1f1 ./Core/Src/driver_htu21d_interface_template.o
 .debug_macro   0x0001819e      0x1e3 ./Core/Src/driver_htu21d_interface_template.o
 .debug_macro   0x00018381      0x359 ./Core/Src/driver_htu21d_interface_template.o
 .debug_macro   0x000186da       0x2e ./Core/Src/driver_htu21d_interface_template.o
 .debug_macro   0x00018708       0xe4 ./Core/Src/driver_htu21d_interface_template.o
 .debug_macro   0x000187ec      0x22c ./Core/Src/driver_htu21d_interface_template.o
 .debug_macro   0x00018a18       0x36 ./Core/Src/driver_htu21d_interface_template.o
 .debug_macro   0x00018a4e       0xa5 ./Core/Src/driver_htu21d_interface_template.o
 .debug_macro   0x00018af3      0x128 ./Core/Src/driver_htu21d_interface_template.o
 .debug_macro   0x00018c1b      0x3c8 ./Core/Src/driver_htu21d_interface_template.o
 .debug_macro   0x00018fe3      0x693 ./Core/Src/driver_htu21d_interface_template.o
 .debug_macro   0x00019676       0xa6 ./Core/Src/driver_htu21d_interface_template.o
 .debug_macro   0x0001971c      0x590 ./Core/Src/driver_htu21d_interface_template.o
 .debug_macro   0x00019cac       0x22 ./Core/Src/driver_htu21d_interface_template.o
 .debug_macro   0x00019cce       0x52 ./Core/Src/driver_htu21d_interface_template.o
 .debug_macro   0x00019d20       0xf2 ./Core/Src/driver_htu21d_interface_template.o
 .debug_macro   0x00019e12       0x4c ./Core/Src/driver_htu21d_interface_template.o
 .debug_macro   0x00019e5e      0x330 ./Core/Src/main.o
 .debug_macro   0x0001a18e       0x8e ./Core/Src/main.o
 .debug_macro   0x0001a21c       0x51 ./Core/Src/main.o
 .debug_macro   0x0001a26d      0x190 ./Core/Src/main.o
 .debug_macro   0x0001a3fd       0x5a ./Core/Src/main.o
 .debug_macro   0x0001a457       0x61 ./Core/Src/main.o
 .debug_macro   0x0001a4b8      0x2e3 ./Core/Src/stm32u0xx_hal_msp.o
 .debug_macro   0x0001a79b      0x2ed ./Core/Src/stm32u0xx_it.o
 .debug_macro   0x0001aa88      0x1e7 ./Core/Src/system_stm32u0xx.o
 .debug_macro   0x0001ac6f      0x2e0 ./Drivers/BSP/STM32U0xx_Nucleo/stm32u0xx_nucleo.o
 .debug_macro   0x0001af4f       0x1c ./Drivers/BSP/STM32U0xx_Nucleo/stm32u0xx_nucleo.o
 .debug_macro   0x0001af6b      0x1ff ./Drivers/STM32U0xx_HAL_Driver/Src/stm32u0xx_hal.o
 .debug_macro   0x0001b16a      0x1db ./Drivers/STM32U0xx_HAL_Driver/Src/stm32u0xx_hal_cortex.o
 .debug_macro   0x0001b345      0x1e7 ./Drivers/STM32U0xx_HAL_Driver/Src/stm32u0xx_hal_exti.o
 .debug_macro   0x0001b52c      0x1e1 ./Drivers/STM32U0xx_HAL_Driver/Src/stm32u0xx_hal_gpio.o
 .debug_macro   0x0001b70d      0x2a7 ./Drivers/STM32U0xx_HAL_Driver/Src/stm32u0xx_hal_i2c.o
 .debug_macro   0x0001b9b4      0x1db ./Drivers/STM32U0xx_HAL_Driver/Src/stm32u0xx_hal_i2c_ex.o
 .debug_macro   0x0001bb8f      0x20b ./Drivers/STM32U0xx_HAL_Driver/Src/stm32u0xx_hal_pwr_ex.o
 .debug_macro   0x0001bd9a      0x211 ./Drivers/STM32U0xx_HAL_Driver/Src/stm32u0xx_hal_rcc.o
 .debug_macro   0x0001bfab      0x1ed ./Drivers/STM32U0xx_HAL_Driver/Src/stm32u0xx_hal_rcc_ex.o
 .debug_macro   0x0001c198      0x206 ./Drivers/STM32U0xx_HAL_Driver/Src/stm32u0xx_hal_uart.o

.debug_line     0x00000000    0x1252c
 .debug_line    0x00000000     0x105c ./Core/Src/driver_htu21d.o
 .debug_line    0x0000105c      0xa92 ./Core/Src/driver_htu21d_interface_template.o
 .debug_line    0x00001aee      0xaae ./Core/Src/main.o
 .debug_line    0x0000259c      0x99c ./Core/Src/stm32u0xx_hal_msp.o
 .debug_line    0x00002f38      0x9ab ./Core/Src/stm32u0xx_it.o
 .debug_line    0x000038e3      0x852 ./Core/Src/system_stm32u0xx.o
 .debug_line    0x00004135       0x7b ./Core/Startup/startup_stm32u083rctx.o
 .debug_line    0x000041b0      0xc94 ./Drivers/BSP/STM32U0xx_Nucleo/stm32u0xx_nucleo.o
 .debug_line    0x00004e44      0xbe9 ./Drivers/STM32U0xx_HAL_Driver/Src/stm32u0xx_hal.o
 .debug_line    0x00005a2d      0xbc9 ./Drivers/STM32U0xx_HAL_Driver/Src/stm32u0xx_hal_cortex.o
 .debug_line    0x000065f6      0xb3d ./Drivers/STM32U0xx_HAL_Driver/Src/stm32u0xx_hal_exti.o
 .debug_line    0x00007133      0xba7 ./Drivers/STM32U0xx_HAL_Driver/Src/stm32u0xx_hal_gpio.o
 .debug_line    0x00007cda     0x363f ./Drivers/STM32U0xx_HAL_Driver/Src/stm32u0xx_hal_i2c.o
 .debug_line    0x0000b319      0x904 ./Drivers/STM32U0xx_HAL_Driver/Src/stm32u0xx_hal_i2c_ex.o
 .debug_line    0x0000bc1d      0xcc9 ./Drivers/STM32U0xx_HAL_Driver/Src/stm32u0xx_hal_pwr_ex.o
 .debug_line    0x0000c8e6     0x10de ./Drivers/STM32U0xx_HAL_Driver/Src/stm32u0xx_hal_rcc.o
 .debug_line    0x0000d9c4     0x13e3 ./Drivers/STM32U0xx_HAL_Driver/Src/stm32u0xx_hal_rcc_ex.o
 .debug_line    0x0000eda7     0x3785 ./Drivers/STM32U0xx_HAL_Driver/Src/stm32u0xx_hal_uart.o

.debug_str      0x00000000    0xb0800
 .debug_str     0x00000000    0xb0800 ./Core/Src/driver_htu21d.o
                               0x8207 (size before relaxing)
 .debug_str     0x000b0800    0xac1c0 ./Core/Src/driver_htu21d_interface_template.o
 .debug_str     0x000b0800    0xac7d9 ./Core/Src/main.o
 .debug_str     0x000b0800    0xac04f ./Core/Src/stm32u0xx_hal_msp.o
 .debug_str     0x000b0800    0xab7b3 ./Core/Src/stm32u0xx_it.o
 .debug_str     0x000b0800    0xa7a1f ./Core/Src/system_stm32u0xx.o
 .debug_str     0x000b0800       0xa3 ./Core/Startup/startup_stm32u083rctx.o
 .debug_str     0x000b0800    0xac557 ./Drivers/BSP/STM32U0xx_Nucleo/stm32u0xx_nucleo.o
 .debug_str     0x000b0800    0xa81d1 ./Drivers/STM32U0xx_HAL_Driver/Src/stm32u0xx_hal.o
 .debug_str     0x000b0800    0xa7dba ./Drivers/STM32U0xx_HAL_Driver/Src/stm32u0xx_hal_cortex.o
 .debug_str     0x000b0800    0xa7a3f ./Drivers/STM32U0xx_HAL_Driver/Src/stm32u0xx_hal_exti.o
 .debug_str     0x000b0800    0xa79d5 ./Drivers/STM32U0xx_HAL_Driver/Src/stm32u0xx_hal_gpio.o
 .debug_str     0x000b0800    0xa8c86 ./Drivers/STM32U0xx_HAL_Driver/Src/stm32u0xx_hal_i2c.o
 .debug_str     0x000b0800    0xa7dfd ./Drivers/STM32U0xx_HAL_Driver/Src/stm32u0xx_hal_i2c_ex.o
 .debug_str     0x000b0800    0xa7e3a ./Drivers/STM32U0xx_HAL_Driver/Src/stm32u0xx_hal_pwr_ex.o
 .debug_str     0x000b0800    0xa80f0 ./Drivers/STM32U0xx_HAL_Driver/Src/stm32u0xx_hal_rcc.o
 .debug_str     0x000b0800    0xa81a2 ./Drivers/STM32U0xx_HAL_Driver/Src/stm32u0xx_hal_rcc_ex.o
 .debug_str     0x000b0800    0xa8730 ./Drivers/STM32U0xx_HAL_Driver/Src/stm32u0xx_hal_uart.o

.comment        0x00000000       0x43
 .comment       0x00000000       0x43 ./Core/Src/driver_htu21d.o
                                 0x44 (size before relaxing)
 .comment       0x00000043       0x44 ./Core/Src/driver_htu21d_interface_template.o
 .comment       0x00000043       0x44 ./Core/Src/main.o
 .comment       0x00000043       0x44 ./Core/Src/stm32u0xx_hal_msp.o
 .comment       0x00000043       0x44 ./Core/Src/stm32u0xx_it.o
 .comment       0x00000043       0x44 ./Core/Src/system_stm32u0xx.o
 .comment       0x00000043       0x44 ./Drivers/BSP/STM32U0xx_Nucleo/stm32u0xx_nucleo.o
 .comment       0x00000043       0x44 ./Drivers/STM32U0xx_HAL_Driver/Src/stm32u0xx_hal.o
 .comment       0x00000043       0x44 ./Drivers/STM32U0xx_HAL_Driver/Src/stm32u0xx_hal_cortex.o
 .comment       0x00000043       0x44 ./Drivers/STM32U0xx_HAL_Driver/Src/stm32u0xx_hal_exti.o
 .comment       0x00000043       0x44 ./Drivers/STM32U0xx_HAL_Driver/Src/stm32u0xx_hal_gpio.o
 .comment       0x00000043       0x44 ./Drivers/STM32U0xx_HAL_Driver/Src/stm32u0xx_hal_i2c.o
 .comment       0x00000043       0x44 ./Drivers/STM32U0xx_HAL_Driver/Src/stm32u0xx_hal_i2c_ex.o
 .comment       0x00000043       0x44 ./Drivers/STM32U0xx_HAL_Driver/Src/stm32u0xx_hal_pwr_ex.o
 .comment       0x00000043       0x44 ./Drivers/STM32U0xx_HAL_Driver/Src/stm32u0xx_hal_rcc.o
 .comment       0x00000043       0x44 ./Drivers/STM32U0xx_HAL_Driver/Src/stm32u0xx_hal_rcc_ex.o
 .comment       0x00000043       0x44 ./Drivers/STM32U0xx_HAL_Driver/Src/stm32u0xx_hal_uart.o

.debug_frame    0x00000000     0x322c
 .debug_frame   0x00000000      0x350 ./Core/Src/driver_htu21d.o
 .debug_frame   0x00000350      0x128 ./Core/Src/driver_htu21d_interface_template.o
 .debug_frame   0x00000478       0xac ./Core/Src/main.o
 .debug_frame   0x00000524       0x70 ./Core/Src/stm32u0xx_hal_msp.o
 .debug_frame   0x00000594       0xb8 ./Core/Src/stm32u0xx_it.o
 .debug_frame   0x0000064c       0x50 ./Core/Src/system_stm32u0xx.o
 .debug_frame   0x0000069c      0x2c0 ./Drivers/BSP/STM32U0xx_Nucleo/stm32u0xx_nucleo.o
 .debug_frame   0x0000095c      0x4a8 ./Drivers/STM32U0xx_HAL_Driver/Src/stm32u0xx_hal.o
 .debug_frame   0x00000e04      0x33c ./Drivers/STM32U0xx_HAL_Driver/Src/stm32u0xx_hal_cortex.o
 .debug_frame   0x00001140      0x130 ./Drivers/STM32U0xx_HAL_Driver/Src/stm32u0xx_hal_exti.o
 .debug_frame   0x00001270      0x130 ./Drivers/STM32U0xx_HAL_Driver/Src/stm32u0xx_hal_gpio.o
 .debug_frame   0x000013a0      0xa68 ./Drivers/STM32U0xx_HAL_Driver/Src/stm32u0xx_hal_i2c.o
 .debug_frame   0x00001e08       0xb0 ./Drivers/STM32U0xx_HAL_Driver/Src/stm32u0xx_hal_i2c_ex.o
 .debug_frame   0x00001eb8      0x414 ./Drivers/STM32U0xx_HAL_Driver/Src/stm32u0xx_hal_pwr_ex.o
 .debug_frame   0x000022cc      0x1c4 ./Drivers/STM32U0xx_HAL_Driver/Src/stm32u0xx_hal_rcc.o
 .debug_frame   0x00002490      0x34c ./Drivers/STM32U0xx_HAL_Driver/Src/stm32u0xx_hal_rcc_ex.o
 .debug_frame   0x000027dc      0x8d8 ./Drivers/STM32U0xx_HAL_Driver/Src/stm32u0xx_hal_uart.o
 .debug_frame   0x000030b4       0x20 C:/ST/STM32CubeIDE_2.2.0/STM32CubeIDE/plugins/com.st.stm32cube.ide.mcu.externaltools.gnu-tools-for-stm32.14.3.rel1.win32_1.0.100.202602081740/tools/bin/../lib/gcc/arm-none-eabi/14.3.1/../../../../arm-none-eabi/lib/thumb/v6-m/nofp\libc_nano.a(libc_a-memset.o)
 .debug_frame   0x000030d4       0x2c C:/ST/STM32CubeIDE_2.2.0/STM32CubeIDE/plugins/com.st.stm32cube.ide.mcu.externaltools.gnu-tools-for-stm32.14.3.rel1.win32_1.0.100.202602081740/tools/bin/../lib/gcc/arm-none-eabi/14.3.1/../../../../arm-none-eabi/lib/thumb/v6-m/nofp\libc_nano.a(libc_a-init.o)
 .debug_frame   0x00003100       0x20 C:/ST/STM32CubeIDE_2.2.0/STM32CubeIDE/plugins/com.st.stm32cube.ide.mcu.externaltools.gnu-tools-for-stm32.14.3.rel1.win32_1.0.100.202602081740/tools/bin/../lib/gcc/arm-none-eabi/14.3.1/thumb/v6-m/nofp\libgcc.a(_udivsi3.o)
 .debug_frame   0x00003120       0x3c C:/ST/STM32CubeIDE_2.2.0/STM32CubeIDE/plugins/com.st.stm32cube.ide.mcu.externaltools.gnu-tools-for-stm32.14.3.rel1.win32_1.0.100.202602081740/tools/bin/../lib/gcc/arm-none-eabi/14.3.1/thumb/v6-m/nofp\libgcc.a(_udivmoddi4.o)
 .debug_frame   0x0000315c       0x38 C:/ST/STM32CubeIDE_2.2.0/STM32CubeIDE/plugins/com.st.stm32cube.ide.mcu.externaltools.gnu-tools-for-stm32.14.3.rel1.win32_1.0.100.202602081740/tools/bin/../lib/gcc/arm-none-eabi/14.3.1/thumb/v6-m/nofp\libgcc.a(divsf3.o)
 .debug_frame   0x00003194       0x38 C:/ST/STM32CubeIDE_2.2.0/STM32CubeIDE/plugins/com.st.stm32cube.ide.mcu.externaltools.gnu-tools-for-stm32.14.3.rel1.win32_1.0.100.202602081740/tools/bin/../lib/gcc/arm-none-eabi/14.3.1/thumb/v6-m/nofp\libgcc.a(mulsf3.o)
 .debug_frame   0x000031cc       0x38 C:/ST/STM32CubeIDE_2.2.0/STM32CubeIDE/plugins/com.st.stm32cube.ide.mcu.externaltools.gnu-tools-for-stm32.14.3.rel1.win32_1.0.100.202602081740/tools/bin/../lib/gcc/arm-none-eabi/14.3.1/thumb/v6-m/nofp\libgcc.a(subsf3.o)
 .debug_frame   0x00003204       0x28 C:/ST/STM32CubeIDE_2.2.0/STM32CubeIDE/plugins/com.st.stm32cube.ide.mcu.externaltools.gnu-tools-for-stm32.14.3.rel1.win32_1.0.100.202602081740/tools/bin/../lib/gcc/arm-none-eabi/14.3.1/thumb/v6-m/nofp\libgcc.a(floatunsisf.o)

.debug_line_str
                0x00000000       0x87
 .debug_line_str
                0x00000000       0x87 ./Core/Startup/startup_stm32u083rctx.o
