../Core/Src/driver_htu21d.c:77:16:a_htu21d_write_cmd	24	static
../Core/Src/driver_htu21d.c:99:16:a_htu21d_read_cmd	24	static
../Core/Src/driver_htu21d.c:122:16:a_htu21d_write	32	static
../Core/Src/driver_htu21d.c:146:16:a_htu21d_read	32	static
../Core/Src/driver_htu21d.c:181:16:a_htu21d_crc	32	static
../Core/Src/driver_htu21d.c:219:9:htu21d_set_mode	16	static
../Core/Src/driver_htu21d.c:246:9:htu21d_get_mode	16	static
../Core/Src/driver_htu21d.c:272:9:htu21d_soft_reset	32	static
../Core/Src/driver_htu21d.c:313:9:htu21d_read_temperature_humidity	56	static
../Core/Src/driver_htu21d.c:501:9:htu21d_read_temperature	56	static
../Core/Src/driver_htu21d.c:614:9:htu21d_read_humidity	56	static
../Core/Src/driver_htu21d.c:724:9:htu21d_set_resolution	40	static
../Core/Src/driver_htu21d.c:772:9:htu21d_get_resolution	40	static
../Core/Src/driver_htu21d.c:812:9:htu21d_get_battery_status	40	static
../Core/Src/driver_htu21d.c:850:9:htu21d_set_heater	40	static
../Core/Src/driver_htu21d.c:896:9:htu21d_get_heater	40	static
../Core/Src/driver_htu21d.c:934:9:htu21d_set_disable_otp_reload	40	static
../Core/Src/driver_htu21d.c:980:9:htu21d_get_disable_otp_reload	40	static
../Core/Src/driver_htu21d.c:1019:9:htu21d_get_serial_number	224	static
../Core/Src/driver_htu21d.c:1107:9:htu21d_init	40	static
../Core/Src/driver_htu21d.c:1213:9:htu21d_deinit	32	static
../Core/Src/driver_htu21d.c:1257:9:htu21d_set_reg	24	static
../Core/Src/driver_htu21d.c:1283:9:htu21d_get_reg	24	static
../Core/Src/driver_htu21d.c:1305:9:htu21d_info	16	static
